../Core/Src/clock_func.c:53:6:value_changed	16	static
../Core/Src/clock_func.c:63:6:alarm_changed	16	static
../Core/Src/clock_func.c:71:6:update_change	56	static
../Core/Src/clock_func.c:86:6:update_change_choose	56	static
../Core/Src/clock_func.c:192:6:HAL_TIM_IC_CaptureCallback	16	static
../Core/Src/clock_func.c:201:6:HAL_GPIO_EXTI_Callback	16	static
../Core/Src/clock_func.c:241:6:alarm_buzzer	8	static
../Core/Src/clock_func.c:255:6:screen_init	16	static
../Core/Src/clock_func.c:301:6:re_screen_init	16	static
../Core/Src/clock_func.c:498:19:man_hinh_chinh	64	static
../Core/Src/clock_func.c:339:6:app_main	96	static
