../Core/Src/ILI9225.c:130:6:spi_write	16	static
../Core/Src/ILI9225.c:139:6:lcd_write_data	16	static
../Core/Src/ILI9225.c:153:6:lcd_write_command	16	static
../Core/Src/ILI9225.c:167:6:lcd_write_register	16	static
../Core/Src/ILI9225.c:178:6:swap_int	24	static
../Core/Src/ILI9225.c:187:6:swap_char	24	static
../Core/Src/ILI9225.c:197:6:delay_ms	40	static
../Core/Src/ILI9225.c:210:6:delay_us	16	static
../Core/Src/ILI9225.c:219:6:lcd_init	8	static
../Core/Src/ILI9225.c:241:6:lcd_init_command_list	8	static
../Core/Src/ILI9225.c:317:6:draw_pixel	16	static
../Core/Src/ILI9225.c:333:6:fill_rectangle	40	static
../Core/Src/ILI9225.c:374:6:set_draw_window	24	static
../Core/Src/ILI9225.c:395:6:draw_line	40	static
../Core/Src/ILI9225.c:448:6:draw_char	48	static
../Core/Src/ILI9225.c:506:6:draw_fast_char	48	static
../Core/Src/ILI9225.c:564:6:draw_string	40	static
../Core/Src/ILI9225.c:600:6:draw_fast_string	40	static
../Core/Src/ILI9225.c:617:6:draw_bieu_tuong	48	static
